etc_01H.bin
etc_02H.bin
etc_03H.bin
etc_04H.bin
hin_00.bin
hin_01.bin
hin_02.bin
hin_02H.bin
hin_03.bin
hin_04.bin
hin_04H.bin
hin_05.bin
hin_06.bin
hin_06H.bin
hin_07.bin
hin_07H.bin
hin_08.bin
hin_09.bin
hin_09H.bin
hin_A01.bin
hin_A01H.bin
hin_A02.bin
hin_A02H.bin
hin_A03.bin
hin_A03H_B.bin
hin_A03H_W.bin
hin_B01.bin
hin_B01H.bin
hin_B02.bin
hin_B02H.bin
hin_B03.bin
hin_B03H_B.bin
hin_B03H_W.bin
hin_n01.bin
hin_n01H.bin
hin_n02.bin
hin_n02H.bin
hin_n03.bin
hin_n03H.bin
hin_ned.bin
hin_w01.bin
hin_w02.bin
hin_w02H.bin
hin_w03.bin
hin_w03H.bin
hin_w04.bin
hin_w04H.bin
hin_w05.bin
hin_w06.bin
hin_w07.bin
hin_w07H.bin
hin_wed.bin
kyo01.bin
kyo02.bin
kyo03.bin
kyo04.bin
kyo05.bin
kyo06.bin
kyo07.bin
lir_00.bin
lir_01.bin
lir_02.bin
lir_02H.bin
lir_03.bin
lir_03H.bin
lir_04.bin
lir_04H.bin
lir_05.bin
lir_06.bin
lir_06H.bin
lir_07.bin
lir_08.bin
lir_09H.bin
lir_A01.bin
lir_A01H.bin
lir_A02.bin
lir_A02H.bin
lir_A03.bin
lir_A03H_B.bin
lir_A03H_W.bin
lir_B01.bin
lir_B01H.bin
lir_B02.bin
lir_B02H.bin
lir_B03.bin
lir_B03H_B.bin
lir_B03H_W.bin
lir_n01H.bin
lir_n02.bin
lir_n02H.bin
lir_n03.bin
lir_n03H.bin
lir_n04.bin
lir_n04H.bin
lir_ned.bin
lir_w01.bin
lir_w02.bin
lir_w03H.bin
lir_w04.bin
lir_w04H.bin
lir_w05.bin
lir_w05H.bin
lir_w06.bin
lir_w07.bin
lir_w08.bin
lir_w08H.bin
lir_wed.bin
nia_01.bin
nia_02.bin
nia_02H.bin
nia_03.bin
nia_03H.bin
nia_04.bin
nia_04H.bin
nia_05.bin
nia_06.bin
nia_07.bin
nia_07H.bin
nia_ed.bin
op01.bin
op02.bin
op03.bin
op04.bin
op05.bin
op06.bin
sak_00.bin
sak_01.bin
sak_02.bin
sak_03.bin
sak_04H.bin
sak_05.bin
sak_06H.bin
sak_07.bin
sak_08H.bin
sak_09.bin
sak_10H.bin
sak_11.bin
sak_12H.bin
sak_13.bin
sak_14H.bin
sak_15.bin
sak_16H.bin
sak_17.bin
sak_18H.bin
sak_19.bin
sak_20.bin
sak_21.bin
sak_22.bin
sak_A01.bin
sak_A01H.bin
sak_A02.bin
sak_A02H.bin
sak_A03.bin
sak_A03H.bin
sak_B01.bin
sak_B01H.bin
sak_B02.bin
sak_B02H.bin
sak_B03.bin
sak_B03H.bin
sak_ed.bin
sys_main.bin
sys_map.bin
sys_sample.bin
体験版01.bin
体験版02.bin
体験版03.bin
